14:31:42 **** Incremental Build of configuration Debug for project Toggle_led ****
make -j4 all 
arm-none-eabi-gcc "../Src/main.c" -mcpu=cortex-m3 -std=gnu11 -g3 -DSTM32 -DSTM32F1 -DSTM32F103C6Tx -DDEBUG -c -I../Inc -O0 -ffunction-sections -fdata-sections -Wall -fstack-usage -MMD -MP -MF"Src/main.d" -MT"Src/main.o" --specs=nano.specs -mfloat-abi=soft -mthumb -o "Src/main.o"
arm-none-eabi-gcc -o "Toggle_led.elf" @"objects.list"   -mcpu=cortex-m3 -T"E:\Master Embedded Systems\git_repo\Assignments\Unit 3 Embedded C\Lesson1\STM32IDE\Toggle_led\STM32F103C6TX_FLASH.ld" --specs=nosys.specs -Wl,-Map="Toggle_led.map" -Wl,--gc-sections -static --specs=nano.specs -mfloat-abi=soft -mthumb -Wl,--start-group -lc -lm -Wl,--end-group
Finished building target: Toggle_led.elf
 
arm-none-eabi-objdump -h -S  Toggle_led.elf  > "Toggle_led.list"
arm-none-eabi-objcopy  -O ihex  Toggle_led.elf  "Toggle_led.hex"
arm-none-eabi-objcopy  -O binary  Toggle_led.elf  "Toggle_led.bin"
arm-none-eabi-size   Toggle_led.elf 
   text	   data	    bss	    dec	    hex	filename
    668	     12	   1564	   2244	    8c4	Toggle_led.elf
Finished building: default.size.stdout
 
Finished building: Toggle_led.bin
Finished building: Toggle_led.hex
 
 
Finished building: Toggle_led.list
 

14:31:46 Build Finished. 0 errors, 0 warnings. (took 4s.161ms)

