
Memory Configuration

Name             Origin             Length             Attributes
flash            0x0000000008000000 0x0000000000020000 xr
sram             0x0000000020000000 0x0000000000005000 xrw
*default*        0x0000000000000000 0xffffffffffffffff

Linker script and memory map


.text           0x0000000008000000      0x11c
 *(.vector*)
 .vectors       0x0000000008000000       0x14 startup.o
                0x0000000008000000                vectors
 *(.text*)
 .text          0x0000000008000014       0x78 main.o
                0x0000000008000014                main
 .text          0x000000000800008c       0x90 startup.o
                0x000000000800008c                NMI_Handler
                0x000000000800008c                MemoryManagement_Handler
                0x000000000800008c                default_Handler
                0x000000000800008c                Hardfault_Handler
                0x0000000008000098                Reset_Handler
 *(.rodata)
                0x000000000800011c                _E_text_ = .

.glue_7         0x000000000800011c        0x0
 .glue_7        0x000000000800011c        0x0 linker stubs

.glue_7t        0x000000000800011c        0x0
 .glue_7t       0x000000000800011c        0x0 linker stubs

.vfp11_veneer   0x000000000800011c        0x0
 .vfp11_veneer  0x000000000800011c        0x0 linker stubs

.v4_bx          0x000000000800011c        0x0
 .v4_bx         0x000000000800011c        0x0 linker stubs

.iplt           0x000000000800011c        0x0
 .iplt          0x000000000800011c        0x0 main.o

.rel.dyn        0x000000000800011c        0x0
 .rel.iplt      0x000000000800011c        0x0 main.o

.data           0x0000000020000000        0x4 load address 0x000000000800011c
                0x0000000020000000                _S_data_ = .
 *(.data*)
 .data          0x0000000020000000        0x4 main.o
                0x0000000020000000                R_ODR
 .data          0x0000000020000004        0x0 startup.o
                0x0000000020000004                . = ALIGN (0x4)
                0x0000000020000004                _E_data_ = .

.igot.plt       0x0000000020000004        0x0 load address 0x0000000008000120
 .igot.plt      0x0000000020000004        0x0 main.o

.bss            0x0000000020000004     0x1000 load address 0x0000000008000120
                0x0000000020000004                _S_bss_ = .
 *(.bss*)
 .bss           0x0000000020000004        0x0 main.o
 .bss           0x0000000020000004        0x0 startup.o
                0x0000000020000004                . = ALIGN (0x4)
                0x0000000020000004                _E_bss_ = .
                0x0000000020000004                . = ALIGN (0x4)
                0x0000000020001004                . = (. + 0x1000)
 *fill*         0x0000000020000004     0x1000 
                0x0000000020001004                _stack_top = .
LOAD main.o
LOAD startup.o
OUTPUT(learn_in_depth_cortex_m3_aa.elf elf32-littlearm)

.debug_info     0x0000000000000000      0x302
 .debug_info    0x0000000000000000      0x14e main.o
 .debug_info    0x000000000000014e      0x1b4 startup.o

.debug_abbrev   0x0000000000000000      0x1b2
 .debug_abbrev  0x0000000000000000       0xdc main.o
 .debug_abbrev  0x00000000000000dc       0xd6 startup.o

.debug_loc      0x0000000000000000       0xb4
 .debug_loc     0x0000000000000000       0x38 main.o
 .debug_loc     0x0000000000000038       0x7c startup.o

.debug_aranges  0x0000000000000000       0x40
 .debug_aranges
                0x0000000000000000       0x20 main.o
 .debug_aranges
                0x0000000000000020       0x20 startup.o

.debug_line     0x0000000000000000      0x3e9
 .debug_line    0x0000000000000000      0x1f7 main.o
 .debug_line    0x00000000000001f7      0x1f2 startup.o

.debug_str      0x0000000000000000      0x1b3
 .debug_str     0x0000000000000000      0x114 main.o
                                        0x151 (size before relaxing)
 .debug_str     0x0000000000000114       0x9f startup.o
                                        0x1bc (size before relaxing)

.comment        0x0000000000000000       0x7b
 .comment       0x0000000000000000       0x7b main.o
                                         0x7c (size before relaxing)
 .comment       0x000000000000007b       0x7c startup.o

.ARM.attributes
                0x0000000000000000       0x33
 .ARM.attributes
                0x0000000000000000       0x33 main.o
 .ARM.attributes
                0x0000000000000033       0x33 startup.o

.debug_frame    0x0000000000000000       0x7c
 .debug_frame   0x0000000000000000       0x2c main.o
 .debug_frame   0x000000000000002c       0x50 startup.o
