
Memory Configuration

Name             Origin             Length             Attributes
flash            0x0000000000000000 0x0000000020000000 xr
sram             0x0000000020000000 0x0000000020000000 xrw
*default*        0x0000000000000000 0xffffffffffffffff

Linker script and memory map


.text           0x0000000000000000      0x17c
 *(.vector*)
 .vectors       0x0000000000000000       0x14 startup.o
                0x0000000000000000                vectors 
 *(.text*)
 .text          0x0000000000000014       0xd8 main.o
                0x0000000000000014                main
 .text          0x00000000000000ec       0x90 startup.o
                0x00000000000000ec                NMI_Handler
                0x00000000000000ec                MemoryManagement_Handler
                0x00000000000000ec                default_Handler
                0x00000000000000ec                Hardfault_Handler
                0x00000000000000f8                Reset_Handler
 *(.rodata)
                0x000000000000017c                _E_text_ = .

.glue_7         0x000000000000017c        0x0
 .glue_7        0x000000000000017c        0x0 linker stubs

.glue_7t        0x000000000000017c        0x0
 .glue_7t       0x000000000000017c        0x0 linker stubs

.vfp11_veneer   0x000000000000017c        0x0
 .vfp11_veneer  0x000000000000017c        0x0 linker stubs

.v4_bx          0x000000000000017c        0x0
 .v4_bx         0x000000000000017c        0x0 linker stubs

.iplt           0x000000000000017c        0x0
 .iplt          0x000000000000017c        0x0 main.o

.rel.dyn        0x000000000000017c        0x0
 .rel.iplt      0x000000000000017c        0x0 main.o

.data           0x0000000020000000        0x0 load address 0x000000000000017c
                0x0000000020000000                _S_data_ = .
 *(.data*)
 .data          0x0000000020000000        0x0 main.o
 .data          0x0000000020000000        0x0 startup.o
                0x0000000020000000                . = ALIGN (0x4)
                0x0000000020000000                _E_data_ = .

.igot.plt       0x0000000020000000        0x0 load address 0x000000000000017c
 .igot.plt      0x0000000020000000        0x0 main.o

.bss            0x0000000020000000     0x1000 load address 0x000000000000017c
                0x0000000020000000                _S_bss_ = .
 *(.bss*)
 .bss           0x0000000020000000        0x0 main.o
 .bss           0x0000000020000000        0x0 startup.o
                0x0000000020000000                . = ALIGN (0x4)
                0x0000000020000000                _E_bss_ = .
                0x0000000020000000                . = ALIGN (0x4)
                0x0000000020001000                . = (. + 0x1000)
 *fill*         0x0000000020000000     0x1000 
                0x0000000020001000                _stack_top = .
LOAD main.o
LOAD startup.o
OUTPUT(unit3_lab4_cortexM4.elf elf32-littlearm)

.debug_info     0x0000000000000000      0x294
 .debug_info    0x0000000000000000       0xe0 main.o
 .debug_info    0x00000000000000e0      0x1b4 startup.o

.debug_abbrev   0x0000000000000000      0x13b
 .debug_abbrev  0x0000000000000000       0x65 main.o
 .debug_abbrev  0x0000000000000065       0xd6 startup.o

.debug_loc      0x0000000000000000       0xb4
 .debug_loc     0x0000000000000000       0x38 main.o
 .debug_loc     0x0000000000000038       0x7c startup.o

.debug_aranges  0x0000000000000000       0x40
 .debug_aranges
                0x0000000000000000       0x20 main.o
 .debug_aranges
                0x0000000000000020       0x20 startup.o

.debug_line     0x0000000000000000      0x3f6
 .debug_line    0x0000000000000000      0x204 main.o
 .debug_line    0x0000000000000204      0x1f2 startup.o

.debug_str      0x0000000000000000      0x1ea
 .debug_str     0x0000000000000000      0x14b main.o
                                        0x191 (size before relaxing)
 .debug_str     0x000000000000014b       0x9f startup.o
                                        0x1fc (size before relaxing)

.comment        0x0000000000000000       0x7b
 .comment       0x0000000000000000       0x7b main.o
                                         0x7c (size before relaxing)
 .comment       0x000000000000007b       0x7c startup.o

.ARM.attributes
                0x0000000000000000       0x33
 .ARM.attributes
                0x0000000000000000       0x33 main.o
 .ARM.attributes
                0x0000000000000033       0x33 startup.o

.debug_frame    0x0000000000000000       0x80
 .debug_frame   0x0000000000000000       0x30 main.o
 .debug_frame   0x0000000000000030       0x50 startup.o
